// Jest Snapshot v1, https://goo.gl/fbAQLP

exports[`<Resume /> renders as expected 1`] = `
<Resume>
  Loading...
</Resume>
`;
